
> nextn@0.1.0 typecheck
> tsc --noEmit

prisma.config.ts(10,5): error TS2353: Object literal may only specify known properties, and 'directUrl' does not exist in type '{ url?: string | undefined; shadowDatabaseUrl?: string | undefined; }'.
src/app/api/auth/register/route.ts(45,58): error TS2339: Property 'ip' does not exist on type 'NextRequest'.
src/app/register-service/page.tsx(38,34): error TS2307: Cannot find module '@/lib/mock-data' or its corresponding type declarations.
src/app/register-service/page.tsx(355,47): error TS7006: Parameter 'area' implicitly has an 'any' type.
src/app/register-shop/page.tsx(39,34): error TS2307: Cannot find module '@/lib/mock-data' or its corresponding type declarations.
src/app/register-shop/page.tsx(282,47): error TS7006: Parameter 'area' implicitly has an 'any' type.
src/app/search/page.tsx(29,77): error TS2307: Cannot find module '@/lib/mock-data' or its corresponding type declarations.
src/app/search/page.tsx(47,37): error TS7006: Parameter 's' implicitly has an 'any' type.
src/app/search/page.tsx(54,44): error TS7006: Parameter 'p' implicitly has an 'any' type.
src/app/search/page.tsx(61,44): error TS7006: Parameter 'post' implicitly has an 'any' type.
src/app/search/page.tsx(101,39): error TS7006: Parameter 'area' implicitly has an 'any' type.
src/app/search/page.tsx(157,56): error TS7006: Parameter 'shop' implicitly has an 'any' type.
src/app/search/page.tsx(166,59): error TS7006: Parameter 'provider' implicitly has an 'any' type.
src/app/search/page.tsx(175,60): error TS7006: Parameter 'post' implicitly has an 'any' type.
src/app/search/page.tsx(185,36): error TS7006: Parameter 'shop' implicitly has an 'any' type.
src/app/search/page.tsx(192,39): error TS7006: Parameter 'provider' implicitly has an 'any' type.
src/app/search/page.tsx(199,40): error TS7006: Parameter 'post' implicitly has an 'any' type.
src/app/services/[expertId]/page.tsx(28,32): error TS2307: Cannot find module '@/lib/mock-data' or its corresponding type declarations.
src/app/services/[expertId]/page.tsx(40,32): error TS7006: Parameter 'p' implicitly has an 'any' type.
src/app/services/[expertId]/page.tsx(113,49): error TS7006: Parameter 'q' implicitly has an 'any' type.
src/app/services/[expertId]/page.tsx(113,52): error TS7006: Parameter 'i' implicitly has an 'any' type.
src/app/services/[expertId]/page.tsx(125,42): error TS7006: Parameter 'img' implicitly has an 'any' type.
src/app/services/[expertId]/page.tsx(125,47): error TS7006: Parameter 'i' implicitly has an 'any' type.
src/app/shops/[shopId]/page.tsx(40,43): error TS2307: Cannot find module '@/lib/mock-data' or its corresponding type declarations.
src/app/shops/[shopId]/page.tsx(76,28): error TS7006: Parameter 's' implicitly has an 'any' type.
src/app/shops/[shopId]/page.tsx(80,43): error TS7006: Parameter 'p' implicitly has an 'any' type.
src/app/shops/[shopId]/page.tsx(85,32): error TS7006: Parameter 'p' implicitly has an 'any' type.
src/app/shops/[shopId]/page.tsx(275,41): error TS7006: Parameter 'product' implicitly has an 'any' type.
src/components/community/community-view.tsx(30,13): error TS2345: Argument of type '{ author: { name: string; username: string; avatar: string; location: string; isVerified: boolean | undefined; isSeller: boolean | undefined; isServiceProvider: boolean | undefined; }; content: any; images: any; }' is not assignable to parameter of type 'Omit<Post, "comments" | "id" | "helpfulCount" | "notHelpfulCount" | "timestamp">'.
  Property 'visibility' is missing in type '{ author: { name: string; username: string; avatar: string; location: string; isVerified: boolean | undefined; isSeller: boolean | undefined; isServiceProvider: boolean | undefined; }; content: any; images: any; }' but required in type 'Omit<Post, "comments" | "id" | "helpfulCount" | "notHelpfulCount" | "timestamp">'.
src/components/dashboard/feature-grid.tsx(125,15): error TS2322: Type '{ hidden: { opacity: number; y: number; }; show: { opacity: number; y: number; transition: { duration: number; ease: string; }; }; }' is not assignable to type 'Variants'.
  Property 'show' is incompatible with index signature.
    Type '{ opacity: number; y: number; transition: { duration: number; ease: string; }; }' is not assignable to type 'Variant'.
      Type '{ opacity: number; y: number; transition: { duration: number; ease: string; }; }' is not assignable to type 'TargetAndTransition'.
        Type '{ opacity: number; y: number; transition: { duration: number; ease: string; }; }' is not assignable to type '{ transition?: Transition<any> | undefined; transitionEnd?: ResolvedValues$1 | undefined; }'.
          Types of property 'transition' are incompatible.
            Type '{ duration: number; ease: string; }' is not assignable to type 'Transition<any> | undefined'.
              Type '{ duration: number; ease: string; }' is not assignable to type 'TransitionWithValueOverrides<any>'.
                Type '{ duration: number; ease: string; }' is not assignable to type 'ValueAnimationTransition<any>'.
                  Types of property 'ease' are incompatible.
                    Type 'string' is not assignable to type 'Easing | Easing[] | undefined'.
src/components/dashboard/feature-grid.tsx(159,11): error TS2322: Type '{ hidden: { opacity: number; y: number; }; show: { opacity: number; y: number; transition: { duration: number; ease: string; }; }; }' is not assignable to type 'Variants'.
  Property 'show' is incompatible with index signature.
    Type '{ opacity: number; y: number; transition: { duration: number; ease: string; }; }' is not assignable to type 'Variant'.
      Type '{ opacity: number; y: number; transition: { duration: number; ease: string; }; }' is not assignable to type 'TargetAndTransition'.
        Type '{ opacity: number; y: number; transition: { duration: number; ease: string; }; }' is not assignable to type '{ transition?: Transition<any> | undefined; transitionEnd?: ResolvedValues$1 | undefined; }'.
          Types of property 'transition' are incompatible.
            Type '{ duration: number; ease: string; }' is not assignable to type 'Transition<any> | undefined'.
              Type '{ duration: number; ease: string; }' is not assignable to type 'TransitionWithValueOverrides<any>'.
                Type '{ duration: number; ease: string; }' is not assignable to type 'ValueAnimationTransition<any>'.
                  Types of property 'ease' are incompatible.
                    Type 'string' is not assignable to type 'Easing | Easing[] | undefined'.
src/components/market/market-view.tsx(39,43): error TS2307: Cannot find module '@/lib/mock-data' or its corresponding type declarations.
src/components/market/market-view.tsx(59,30): error TS7006: Parameter 'shop' implicitly has an 'any' type.
src/components/market/market-view.tsx(70,30): error TS7006: Parameter 'p' implicitly has an 'any' type.
src/components/market/market-view.tsx(157,35): error TS7006: Parameter 'shop' implicitly has an 'any' type.
src/components/market/market-view.tsx(157,41): error TS7006: Parameter 'idx' implicitly has an 'any' type.
src/components/market/market-view.tsx(229,32): error TS7006: Parameter 's' implicitly has an 'any' type.
src/components/market/verified-reviews.tsx(138,22): error TS2552: Cannot find name 'Input'. Did you mean 'oninput'?
src/components/market/verified-reviews.tsx(142,33): error TS7006: Parameter 'e' implicitly has an 'any' type.
src/components/profile/profile-view.tsx(151,52): error TS18047: 'user' is possibly 'null'.
src/components/profile/profile-view.tsx(216,70): error TS18047: 'user' is possibly 'null'.
src/components/services/booking-modal.tsx(17,10): error TS2614: Module '"./service-view"' has no exported member 'Provider'. Did you mean to use 'import Provider from "./service-view"' instead?
src/components/services/provider-card.tsx(10,10): error TS2614: Module '"./service-view"' has no exported member 'Provider'. Did you mean to use 'import Provider from "./service-view"' instead?
src/components/services/service-view.tsx(24,50): error TS2307: Cannot find module '@/lib/mock-data' or its corresponding type declarations.
src/components/services/service-view.tsx(71,34): error TS7006: Parameter 'provider' implicitly has an 'any' type.
src/components/services/service-view.tsx(127,45): error TS7006: Parameter 'area' implicitly has an 'any' type.
src/components/services/service-view.tsx(180,35): error TS7006: Parameter 'provider' implicitly has an 'any' type.
src/components/services/service-view.tsx(180,45): error TS7006: Parameter 'idx' implicitly has an 'any' type.
src/components/ui/calendar.tsx(57,9): error TS2353: Object literal may only specify known properties, and 'IconLeft' does not exist in type 'Partial<CustomComponents>'.
src/components/ui/calendar.tsx(57,22): error TS7031: Binding element 'className' implicitly has an 'any' type.
src/components/ui/calendar.tsx(60,23): error TS7031: Binding element 'className' implicitly has an 'any' type.
src/lib/auth.ts(30,16): error TS2664: Invalid module name in augmentation, module 'next-auth/jwt' cannot be found.
src/lib/auth.ts(101,7): error TS2322: Type 'unknown' is not assignable to type 'string'.
src/lib/auth.ts(102,7): error TS2322: Type 'unknown' is not assignable to type 'string'.
src/lib/auth.ts(103,7): error TS2322: Type 'unknown' is not assignable to type 'boolean'.
src/lib/auth.ts(104,7): error TS2322: Type 'unknown' is not assignable to type 'string | null'.
